[     589ms] [INFO] %cDownload the React DevTools for a better development experience: https://react.dev/link/react-devtools font-weight:bold @ http://localhost:3200/_next/static/chunks/node_modules_next_dist_f3530cac._.js:2297
[     660ms] [LOG] [HMR] connected @ http://localhost:3200/_next/static/chunks/node_modules_next_dist_f3530cac._.js:2297
[     765ms] [ERROR] Failed to load resource: net::ERR_CONNECTION_REFUSED @ http://localhost:4000/cliente/me:0
[     766ms] [ERROR] Failed to load resource: net::ERR_CONNECTION_REFUSED @ http://localhost:4000/configuracion:0
[     766ms] [ERROR] Failed to load resource: net::ERR_CONNECTION_REFUSED @ http://localhost:4000/carrito?dispositivo=cce7cf0f-1275-445c-9355-a8b05226cba2:0
[     766ms] [ERROR] Failed to load resource: net::ERR_CONNECTION_REFUSED @ http://localhost:4000/cliente/favoritos?dispositivo=cce7cf0f-1275-445c-9355-a8b05226cba2:0
[     825ms] [ERROR] Failed to load resource: net::ERR_CONNECTION_REFUSED @ http://localhost:4000/catalogo/facetas:0
[     825ms] [ERROR] Failed to load resource: net::ERR_CONNECTION_REFUSED @ http://localhost:4000/catalogo?limit=20:0
[    1068ms] [ERROR] Failed to load resource: net::ERR_CONNECTION_REFUSED @ http://localhost:4000/cliente/me:0
[    1068ms] [ERROR] Failed to load resource: net::ERR_CONNECTION_REFUSED @ http://localhost:4000/configuracion:0
[    1068ms] [ERROR] Failed to load resource: net::ERR_CONNECTION_REFUSED @ http://localhost:4000/carrito?dispositivo=cce7cf0f-1275-445c-9355-a8b05226cba2:0
[    1068ms] [ERROR] Failed to load resource: net::ERR_CONNECTION_REFUSED @ http://localhost:4000/cliente/favoritos?dispositivo=cce7cf0f-1275-445c-9355-a8b05226cba2:0
[    1126ms] [ERROR] Failed to load resource: net::ERR_CONNECTION_REFUSED @ http://localhost:4000/catalogo/facetas:0
[    1127ms] [ERROR] Failed to load resource: net::ERR_CONNECTION_REFUSED @ http://localhost:4000/catalogo?limit=20:0
[    1670ms] [ERROR] Failed to load resource: net::ERR_CONNECTION_REFUSED @ http://localhost:4000/cliente/me:0
[    1671ms] [ERROR] Failed to load resource: net::ERR_CONNECTION_REFUSED @ http://localhost:4000/configuracion:0
[    1671ms] [ERROR] Failed to load resource: net::ERR_CONNECTION_REFUSED @ http://localhost:4000/carrito?dispositivo=cce7cf0f-1275-445c-9355-a8b05226cba2:0
[    1671ms] [ERROR] Failed to load resource: net::ERR_CONNECTION_REFUSED @ http://localhost:4000/cliente/favoritos?dispositivo=cce7cf0f-1275-445c-9355-a8b05226cba2:0
[    1728ms] [ERROR] Failed to load resource: net::ERR_CONNECTION_REFUSED @ http://localhost:4000/catalogo/facetas:0
[    1728ms] [ERROR] Failed to load resource: net::ERR_CONNECTION_REFUSED @ http://localhost:4000/catalogo?limit=20:0
[    2672ms] [ERROR] Failed to load resource: net::ERR_CONNECTION_REFUSED @ http://localhost:4000/configuracion:0
[    2672ms] [ERROR] Failed to load resource: net::ERR_CONNECTION_REFUSED @ http://localhost:4000/carrito?dispositivo=cce7cf0f-1275-445c-9355-a8b05226cba2:0
[    2673ms] [ERROR] Failed to load resource: net::ERR_CONNECTION_REFUSED @ http://localhost:4000/cliente/favoritos?dispositivo=cce7cf0f-1275-445c-9355-a8b05226cba2:0
[    2729ms] [ERROR] Failed to load resource: net::ERR_CONNECTION_REFUSED @ http://localhost:4000/catalogo/facetas:0
[    2729ms] [ERROR] Failed to load resource: net::ERR_CONNECTION_REFUSED @ http://localhost:4000/catalogo?limit=20:0
[    2974ms] [ERROR] Failed to load resource: net::ERR_CONNECTION_REFUSED @ http://localhost:4000/configuracion:0
[    2974ms] [ERROR] Failed to load resource: net::ERR_CONNECTION_REFUSED @ http://localhost:4000/carrito?dispositivo=cce7cf0f-1275-445c-9355-a8b05226cba2:0
[    2974ms] [ERROR] Failed to load resource: net::ERR_CONNECTION_REFUSED @ http://localhost:4000/cliente/favoritos?dispositivo=cce7cf0f-1275-445c-9355-a8b05226cba2:0
[    3031ms] [ERROR] Failed to load resource: net::ERR_CONNECTION_REFUSED @ http://localhost:4000/catalogo/facetas:0
[    3031ms] [ERROR] Failed to load resource: net::ERR_CONNECTION_REFUSED @ http://localhost:4000/catalogo?limit=20:0
[    3576ms] [ERROR] Failed to load resource: net::ERR_CONNECTION_REFUSED @ http://localhost:4000/configuracion:0
[    3576ms] [ERROR] Failed to load resource: net::ERR_CONNECTION_REFUSED @ http://localhost:4000/carrito?dispositivo=cce7cf0f-1275-445c-9355-a8b05226cba2:0
[    3576ms] [ERROR] Failed to load resource: net::ERR_CONNECTION_REFUSED @ http://localhost:4000/cliente/favoritos?dispositivo=cce7cf0f-1275-445c-9355-a8b05226cba2:0
[    3632ms] [ERROR] Failed to load resource: net::ERR_CONNECTION_REFUSED @ http://localhost:4000/catalogo/facetas:0
[    3632ms] [ERROR] Failed to load resource: net::ERR_CONNECTION_REFUSED @ http://localhost:4000/catalogo?limit=20:0
[    5578ms] [ERROR] Failed to load resource: net::ERR_CONNECTION_REFUSED @ http://localhost:4000/configuracion:0
[    5578ms] [ERROR] Failed to load resource: net::ERR_CONNECTION_REFUSED @ http://localhost:4000/carrito?dispositivo=cce7cf0f-1275-445c-9355-a8b05226cba2:0
[    5578ms] [ERROR] Failed to load resource: net::ERR_CONNECTION_REFUSED @ http://localhost:4000/cliente/favoritos?dispositivo=cce7cf0f-1275-445c-9355-a8b05226cba2:0
[    5634ms] [ERROR] Failed to load resource: net::ERR_CONNECTION_REFUSED @ http://localhost:4000/catalogo/facetas:0
[    5634ms] [ERROR] Failed to load resource: net::ERR_CONNECTION_REFUSED @ http://localhost:4000/catalogo?limit=20:0
[    5880ms] [ERROR] Failed to load resource: net::ERR_CONNECTION_REFUSED @ http://localhost:4000/configuracion:0
[    5880ms] [ERROR] Failed to load resource: net::ERR_CONNECTION_REFUSED @ http://localhost:4000/carrito?dispositivo=cce7cf0f-1275-445c-9355-a8b05226cba2:0
[    5880ms] [ERROR] Failed to load resource: net::ERR_CONNECTION_REFUSED @ http://localhost:4000/cliente/favoritos?dispositivo=cce7cf0f-1275-445c-9355-a8b05226cba2:0
[    5935ms] [ERROR] Failed to load resource: net::ERR_CONNECTION_REFUSED @ http://localhost:4000/catalogo/facetas:0
[    5935ms] [ERROR] Failed to load resource: net::ERR_CONNECTION_REFUSED @ http://localhost:4000/catalogo?limit=20:0
[    6482ms] [ERROR] Failed to load resource: net::ERR_CONNECTION_REFUSED @ http://localhost:4000/configuracion:0
[    6482ms] [ERROR] Failed to load resource: net::ERR_CONNECTION_REFUSED @ http://localhost:4000/carrito?dispositivo=cce7cf0f-1275-445c-9355-a8b05226cba2:0
[    6482ms] [ERROR] Failed to load resource: net::ERR_CONNECTION_REFUSED @ http://localhost:4000/cliente/favoritos?dispositivo=cce7cf0f-1275-445c-9355-a8b05226cba2:0
[    6537ms] [ERROR] Failed to load resource: net::ERR_CONNECTION_REFUSED @ http://localhost:4000/catalogo/facetas:0
[    6537ms] [ERROR] Failed to load resource: net::ERR_CONNECTION_REFUSED @ http://localhost:4000/catalogo?limit=20:0
[   10484ms] [ERROR] Failed to load resource: net::ERR_CONNECTION_REFUSED @ http://localhost:4000/configuracion:0
[   10484ms] [ERROR] Failed to load resource: net::ERR_CONNECTION_REFUSED @ http://localhost:4000/carrito?dispositivo=cce7cf0f-1275-445c-9355-a8b05226cba2:0
[   10484ms] [ERROR] Failed to load resource: net::ERR_CONNECTION_REFUSED @ http://localhost:4000/cliente/favoritos?dispositivo=cce7cf0f-1275-445c-9355-a8b05226cba2:0
[   10538ms] [ERROR] Failed to load resource: net::ERR_CONNECTION_REFUSED @ http://localhost:4000/catalogo/facetas:0
[   10538ms] [ERROR] Failed to load resource: net::ERR_CONNECTION_REFUSED @ http://localhost:4000/catalogo?limit=20:0
[   10786ms] [ERROR] Failed to load resource: net::ERR_CONNECTION_REFUSED @ http://localhost:4000/configuracion:0
[   10786ms] [ERROR] Failed to load resource: net::ERR_CONNECTION_REFUSED @ http://localhost:4000/carrito?dispositivo=cce7cf0f-1275-445c-9355-a8b05226cba2:0
[   10786ms] [ERROR] Failed to load resource: net::ERR_CONNECTION_REFUSED @ http://localhost:4000/cliente/favoritos?dispositivo=cce7cf0f-1275-445c-9355-a8b05226cba2:0
[   10839ms] [ERROR] Failed to load resource: net::ERR_CONNECTION_REFUSED @ http://localhost:4000/catalogo/facetas:0
[   10840ms] [ERROR] Failed to load resource: net::ERR_CONNECTION_REFUSED @ http://localhost:4000/catalogo?limit=20:0
[   11387ms] [ERROR] Failed to load resource: net::ERR_CONNECTION_REFUSED @ http://localhost:4000/configuracion:0
[   11388ms] [ERROR] Failed to load resource: net::ERR_CONNECTION_REFUSED @ http://localhost:4000/carrito?dispositivo=cce7cf0f-1275-445c-9355-a8b05226cba2:0
[   11388ms] [ERROR] Failed to load resource: net::ERR_CONNECTION_REFUSED @ http://localhost:4000/cliente/favoritos?dispositivo=cce7cf0f-1275-445c-9355-a8b05226cba2:0
[   11441ms] [ERROR] Failed to load resource: net::ERR_CONNECTION_REFUSED @ http://localhost:4000/catalogo/facetas:0
[   11441ms] [ERROR] Failed to load resource: net::ERR_CONNECTION_REFUSED @ http://localhost:4000/catalogo?limit=20:0
