[    1112ms] [INFO] %cDownload the React DevTools for a better development experience: https://react.dev/link/react-devtools font-weight:bold @ http://localhost:3200/_next/static/chunks/node_modules_next_dist_f3530cac._.js:2297
[    1195ms] [LOG] [HMR] connected @ http://localhost:3200/_next/static/chunks/node_modules_next_dist_f3530cac._.js:2297
[    1315ms] [ERROR] Failed to load resource: net::ERR_CONNECTION_REFUSED @ http://localhost:4000/cliente/me:0
[    1315ms] [ERROR] Failed to load resource: net::ERR_CONNECTION_REFUSED @ http://localhost:4000/configuracion:0
[    1315ms] [ERROR] Failed to load resource: net::ERR_CONNECTION_REFUSED @ http://localhost:4000/catalogo/producto/polo-oversize-basic/relacionados:0
[    1315ms] [ERROR] Failed to load resource: net::ERR_CONNECTION_REFUSED @ http://localhost:4000/carrito?dispositivo=cce7cf0f-1275-445c-9355-a8b05226cba2:0
[    1315ms] [ERROR] Failed to load resource: net::ERR_CONNECTION_REFUSED @ http://localhost:4000/cliente/favoritos?dispositivo=cce7cf0f-1275-445c-9355-a8b05226cba2:0
[    1618ms] [ERROR] Failed to load resource: net::ERR_CONNECTION_REFUSED @ http://localhost:4000/cliente/me:0
[    1618ms] [ERROR] Failed to load resource: net::ERR_CONNECTION_REFUSED @ http://localhost:4000/configuracion:0
[    1618ms] [ERROR] Failed to load resource: net::ERR_CONNECTION_REFUSED @ http://localhost:4000/catalogo/producto/polo-oversize-basic/relacionados:0
[    1618ms] [ERROR] Failed to load resource: net::ERR_CONNECTION_REFUSED @ http://localhost:4000/carrito?dispositivo=cce7cf0f-1275-445c-9355-a8b05226cba2:0
[    1618ms] [ERROR] Failed to load resource: net::ERR_CONNECTION_REFUSED @ http://localhost:4000/cliente/favoritos?dispositivo=cce7cf0f-1275-445c-9355-a8b05226cba2:0
[    2221ms] [ERROR] Failed to load resource: net::ERR_CONNECTION_REFUSED @ http://localhost:4000/cliente/me:0
[    2222ms] [ERROR] Failed to load resource: net::ERR_CONNECTION_REFUSED @ http://localhost:4000/configuracion:0
[    2222ms] [ERROR] Failed to load resource: net::ERR_CONNECTION_REFUSED @ http://localhost:4000/catalogo/producto/polo-oversize-basic/relacionados:0
[    2222ms] [ERROR] Failed to load resource: net::ERR_CONNECTION_REFUSED @ http://localhost:4000/carrito?dispositivo=cce7cf0f-1275-445c-9355-a8b05226cba2:0
[    2222ms] [ERROR] Failed to load resource: net::ERR_CONNECTION_REFUSED @ http://localhost:4000/cliente/favoritos?dispositivo=cce7cf0f-1275-445c-9355-a8b05226cba2:0
[    3225ms] [ERROR] Failed to load resource: net::ERR_CONNECTION_REFUSED @ http://localhost:4000/configuracion:0
[    3225ms] [ERROR] Failed to load resource: net::ERR_CONNECTION_REFUSED @ http://localhost:4000/catalogo/producto/polo-oversize-basic/relacionados:0
[    3225ms] [ERROR] Failed to load resource: net::ERR_CONNECTION_REFUSED @ http://localhost:4000/carrito?dispositivo=cce7cf0f-1275-445c-9355-a8b05226cba2:0
[    3225ms] [ERROR] Failed to load resource: net::ERR_CONNECTION_REFUSED @ http://localhost:4000/cliente/favoritos?dispositivo=cce7cf0f-1275-445c-9355-a8b05226cba2:0
[    3527ms] [ERROR] Failed to load resource: net::ERR_CONNECTION_REFUSED @ http://localhost:4000/configuracion:0
[    3528ms] [ERROR] Failed to load resource: net::ERR_CONNECTION_REFUSED @ http://localhost:4000/catalogo/producto/polo-oversize-basic/relacionados:0
[    3528ms] [ERROR] Failed to load resource: net::ERR_CONNECTION_REFUSED @ http://localhost:4000/carrito?dispositivo=cce7cf0f-1275-445c-9355-a8b05226cba2:0
[    3528ms] [ERROR] Failed to load resource: net::ERR_CONNECTION_REFUSED @ http://localhost:4000/cliente/favoritos?dispositivo=cce7cf0f-1275-445c-9355-a8b05226cba2:0
[    4129ms] [ERROR] Failed to load resource: net::ERR_CONNECTION_REFUSED @ http://localhost:4000/configuracion:0
[    4130ms] [ERROR] Failed to load resource: net::ERR_CONNECTION_REFUSED @ http://localhost:4000/catalogo/producto/polo-oversize-basic/relacionados:0
[    4130ms] [ERROR] Failed to load resource: net::ERR_CONNECTION_REFUSED @ http://localhost:4000/carrito?dispositivo=cce7cf0f-1275-445c-9355-a8b05226cba2:0
[    4130ms] [ERROR] Failed to load resource: net::ERR_CONNECTION_REFUSED @ http://localhost:4000/cliente/favoritos?dispositivo=cce7cf0f-1275-445c-9355-a8b05226cba2:0
[    6132ms] [ERROR] Failed to load resource: net::ERR_CONNECTION_REFUSED @ http://localhost:4000/configuracion:0
[    6132ms] [ERROR] Failed to load resource: net::ERR_CONNECTION_REFUSED @ http://localhost:4000/catalogo/producto/polo-oversize-basic/relacionados:0
[    6132ms] [ERROR] Failed to load resource: net::ERR_CONNECTION_REFUSED @ http://localhost:4000/carrito?dispositivo=cce7cf0f-1275-445c-9355-a8b05226cba2:0
[    6132ms] [ERROR] Failed to load resource: net::ERR_CONNECTION_REFUSED @ http://localhost:4000/cliente/favoritos?dispositivo=cce7cf0f-1275-445c-9355-a8b05226cba2:0
[    6434ms] [ERROR] Failed to load resource: net::ERR_CONNECTION_REFUSED @ http://localhost:4000/configuracion:0
[    6434ms] [ERROR] Failed to load resource: net::ERR_CONNECTION_REFUSED @ http://localhost:4000/catalogo/producto/polo-oversize-basic/relacionados:0
[    6434ms] [ERROR] Failed to load resource: net::ERR_CONNECTION_REFUSED @ http://localhost:4000/carrito?dispositivo=cce7cf0f-1275-445c-9355-a8b05226cba2:0
[    6434ms] [ERROR] Failed to load resource: net::ERR_CONNECTION_REFUSED @ http://localhost:4000/cliente/favoritos?dispositivo=cce7cf0f-1275-445c-9355-a8b05226cba2:0
[    7036ms] [ERROR] Failed to load resource: net::ERR_CONNECTION_REFUSED @ http://localhost:4000/configuracion:0
[    7037ms] [ERROR] Failed to load resource: net::ERR_CONNECTION_REFUSED @ http://localhost:4000/catalogo/producto/polo-oversize-basic/relacionados:0
[    7037ms] [ERROR] Failed to load resource: net::ERR_CONNECTION_REFUSED @ http://localhost:4000/carrito?dispositivo=cce7cf0f-1275-445c-9355-a8b05226cba2:0
[    7037ms] [ERROR] Failed to load resource: net::ERR_CONNECTION_REFUSED @ http://localhost:4000/cliente/favoritos?dispositivo=cce7cf0f-1275-445c-9355-a8b05226cba2:0
[   40256ms] [LOG] [Fast Refresh] rebuilding @ http://localhost:3200/_next/static/chunks/node_modules_next_dist_f3530cac._.js:2297
[   40283ms] [LOG] [Fast Refresh] done in 81ms @ http://localhost:3200/_next/static/chunks/node_modules_next_dist_f3530cac._.js:2297
