[     107ms] [INFO] %cDownload the React DevTools for a better development experience: https://react.dev/link/react-devtools font-weight:bold @ http://localhost:3200/_next/static/chunks/node_modules_next_dist_f3530cac._.js:2297
[     121ms] [LOG] [HMR] connected @ http://localhost:3200/_next/static/chunks/node_modules_next_dist_f3530cac._.js:2297
[     174ms] [ERROR] Failed to load resource: net::ERR_CONNECTION_REFUSED @ http://localhost:4000/cliente/me:0
[     174ms] [ERROR] Failed to load resource: net::ERR_CONNECTION_REFUSED @ http://localhost:4000/configuracion:0
[     174ms] [ERROR] Failed to load resource: net::ERR_CONNECTION_REFUSED @ http://localhost:4000/carrito?dispositivo=cce7cf0f-1275-445c-9355-a8b05226cba2:0
[     174ms] [ERROR] Failed to load resource: net::ERR_CONNECTION_REFUSED @ http://localhost:4000/cliente/favoritos?dispositivo=cce7cf0f-1275-445c-9355-a8b05226cba2:0
[     235ms] [ERROR] Failed to load resource: net::ERR_CONNECTION_REFUSED @ http://localhost:4000/catalogo/facetas:0
[     235ms] [ERROR] Failed to load resource: net::ERR_CONNECTION_REFUSED @ http://localhost:4000/catalogo?limit=20:0
[     476ms] [ERROR] Failed to load resource: net::ERR_CONNECTION_REFUSED @ http://localhost:4000/cliente/me:0
[     476ms] [ERROR] Failed to load resource: net::ERR_CONNECTION_REFUSED @ http://localhost:4000/configuracion:0
[     476ms] [ERROR] Failed to load resource: net::ERR_CONNECTION_REFUSED @ http://localhost:4000/carrito?dispositivo=cce7cf0f-1275-445c-9355-a8b05226cba2:0
[     476ms] [ERROR] Failed to load resource: net::ERR_CONNECTION_REFUSED @ http://localhost:4000/cliente/favoritos?dispositivo=cce7cf0f-1275-445c-9355-a8b05226cba2:0
[     536ms] [ERROR] Failed to load resource: net::ERR_CONNECTION_REFUSED @ http://localhost:4000/catalogo/facetas:0
[     536ms] [ERROR] Failed to load resource: net::ERR_CONNECTION_REFUSED @ http://localhost:4000/catalogo?limit=20:0
[    1078ms] [ERROR] Failed to load resource: net::ERR_CONNECTION_REFUSED @ http://localhost:4000/cliente/me:0
[    1078ms] [ERROR] Failed to load resource: net::ERR_CONNECTION_REFUSED @ http://localhost:4000/configuracion:0
[    1078ms] [ERROR] Failed to load resource: net::ERR_CONNECTION_REFUSED @ http://localhost:4000/carrito?dispositivo=cce7cf0f-1275-445c-9355-a8b05226cba2:0
[    1078ms] [ERROR] Failed to load resource: net::ERR_CONNECTION_REFUSED @ http://localhost:4000/cliente/favoritos?dispositivo=cce7cf0f-1275-445c-9355-a8b05226cba2:0
[    1137ms] [ERROR] Failed to load resource: net::ERR_CONNECTION_REFUSED @ http://localhost:4000/catalogo/facetas:0
[    1137ms] [ERROR] Failed to load resource: net::ERR_CONNECTION_REFUSED @ http://localhost:4000/catalogo?limit=20:0
[    2080ms] [ERROR] Failed to load resource: net::ERR_CONNECTION_REFUSED @ http://localhost:4000/configuracion:0
[    2080ms] [ERROR] Failed to load resource: net::ERR_CONNECTION_REFUSED @ http://localhost:4000/carrito?dispositivo=cce7cf0f-1275-445c-9355-a8b05226cba2:0
[    2080ms] [ERROR] Failed to load resource: net::ERR_CONNECTION_REFUSED @ http://localhost:4000/cliente/favoritos?dispositivo=cce7cf0f-1275-445c-9355-a8b05226cba2:0
[    2139ms] [ERROR] Failed to load resource: net::ERR_CONNECTION_REFUSED @ http://localhost:4000/catalogo/facetas:0
[    2139ms] [ERROR] Failed to load resource: net::ERR_CONNECTION_REFUSED @ http://localhost:4000/catalogo?limit=20:0
[    2381ms] [ERROR] Failed to load resource: net::ERR_CONNECTION_REFUSED @ http://localhost:4000/configuracion:0
[    2381ms] [ERROR] Failed to load resource: net::ERR_CONNECTION_REFUSED @ http://localhost:4000/carrito?dispositivo=cce7cf0f-1275-445c-9355-a8b05226cba2:0
[    2381ms] [ERROR] Failed to load resource: net::ERR_CONNECTION_REFUSED @ http://localhost:4000/cliente/favoritos?dispositivo=cce7cf0f-1275-445c-9355-a8b05226cba2:0
[    2440ms] [ERROR] Failed to load resource: net::ERR_CONNECTION_REFUSED @ http://localhost:4000/catalogo/facetas:0
[    2440ms] [ERROR] Failed to load resource: net::ERR_CONNECTION_REFUSED @ http://localhost:4000/catalogo?limit=20:0
[    2983ms] [ERROR] Failed to load resource: net::ERR_CONNECTION_REFUSED @ http://localhost:4000/configuracion:0
[    2983ms] [ERROR] Failed to load resource: net::ERR_CONNECTION_REFUSED @ http://localhost:4000/carrito?dispositivo=cce7cf0f-1275-445c-9355-a8b05226cba2:0
[    2983ms] [ERROR] Failed to load resource: net::ERR_CONNECTION_REFUSED @ http://localhost:4000/cliente/favoritos?dispositivo=cce7cf0f-1275-445c-9355-a8b05226cba2:0
[    3042ms] [ERROR] Failed to load resource: net::ERR_CONNECTION_REFUSED @ http://localhost:4000/catalogo/facetas:0
[    3042ms] [ERROR] Failed to load resource: net::ERR_CONNECTION_REFUSED @ http://localhost:4000/catalogo?limit=20:0
[    4985ms] [ERROR] Failed to load resource: net::ERR_CONNECTION_REFUSED @ http://localhost:4000/configuracion:0
[    4985ms] [ERROR] Failed to load resource: net::ERR_CONNECTION_REFUSED @ http://localhost:4000/carrito?dispositivo=cce7cf0f-1275-445c-9355-a8b05226cba2:0
[    4985ms] [ERROR] Failed to load resource: net::ERR_CONNECTION_REFUSED @ http://localhost:4000/cliente/favoritos?dispositivo=cce7cf0f-1275-445c-9355-a8b05226cba2:0
[    5043ms] [ERROR] Failed to load resource: net::ERR_CONNECTION_REFUSED @ http://localhost:4000/catalogo/facetas:0
[    5043ms] [ERROR] Failed to load resource: net::ERR_CONNECTION_REFUSED @ http://localhost:4000/catalogo?limit=20:0
[    5286ms] [ERROR] Failed to load resource: net::ERR_CONNECTION_REFUSED @ http://localhost:4000/configuracion:0
[    5287ms] [ERROR] Failed to load resource: net::ERR_CONNECTION_REFUSED @ http://localhost:4000/carrito?dispositivo=cce7cf0f-1275-445c-9355-a8b05226cba2:0
[    5287ms] [ERROR] Failed to load resource: net::ERR_CONNECTION_REFUSED @ http://localhost:4000/cliente/favoritos?dispositivo=cce7cf0f-1275-445c-9355-a8b05226cba2:0
[    5345ms] [ERROR] Failed to load resource: net::ERR_CONNECTION_REFUSED @ http://localhost:4000/catalogo/facetas:0
[    5345ms] [ERROR] Failed to load resource: net::ERR_CONNECTION_REFUSED @ http://localhost:4000/catalogo?limit=20:0
[    5888ms] [ERROR] Failed to load resource: net::ERR_CONNECTION_REFUSED @ http://localhost:4000/configuracion:0
[    5888ms] [ERROR] Failed to load resource: net::ERR_CONNECTION_REFUSED @ http://localhost:4000/carrito?dispositivo=cce7cf0f-1275-445c-9355-a8b05226cba2:0
[    5888ms] [ERROR] Failed to load resource: net::ERR_CONNECTION_REFUSED @ http://localhost:4000/cliente/favoritos?dispositivo=cce7cf0f-1275-445c-9355-a8b05226cba2:0
[    5946ms] [ERROR] Failed to load resource: net::ERR_CONNECTION_REFUSED @ http://localhost:4000/catalogo/facetas:0
[    5946ms] [ERROR] Failed to load resource: net::ERR_CONNECTION_REFUSED @ http://localhost:4000/catalogo?limit=20:0
[    9891ms] [ERROR] Failed to load resource: net::ERR_CONNECTION_REFUSED @ http://localhost:4000/configuracion:0
[    9891ms] [ERROR] Failed to load resource: net::ERR_CONNECTION_REFUSED @ http://localhost:4000/carrito?dispositivo=cce7cf0f-1275-445c-9355-a8b05226cba2:0
[    9891ms] [ERROR] Failed to load resource: net::ERR_CONNECTION_REFUSED @ http://localhost:4000/cliente/favoritos?dispositivo=cce7cf0f-1275-445c-9355-a8b05226cba2:0
[    9947ms] [ERROR] Failed to load resource: net::ERR_CONNECTION_REFUSED @ http://localhost:4000/catalogo/facetas:0
[    9948ms] [ERROR] Failed to load resource: net::ERR_CONNECTION_REFUSED @ http://localhost:4000/catalogo?limit=20:0
[   10192ms] [ERROR] Failed to load resource: net::ERR_CONNECTION_REFUSED @ http://localhost:4000/configuracion:0
[   10192ms] [ERROR] Failed to load resource: net::ERR_CONNECTION_REFUSED @ http://localhost:4000/carrito?dispositivo=cce7cf0f-1275-445c-9355-a8b05226cba2:0
[   10193ms] [ERROR] Failed to load resource: net::ERR_CONNECTION_REFUSED @ http://localhost:4000/cliente/favoritos?dispositivo=cce7cf0f-1275-445c-9355-a8b05226cba2:0
[   10249ms] [ERROR] Failed to load resource: net::ERR_CONNECTION_REFUSED @ http://localhost:4000/catalogo/facetas:0
[   10249ms] [ERROR] Failed to load resource: net::ERR_CONNECTION_REFUSED @ http://localhost:4000/catalogo?limit=20:0
[   10794ms] [ERROR] Failed to load resource: net::ERR_CONNECTION_REFUSED @ http://localhost:4000/configuracion:0
[   10794ms] [ERROR] Failed to load resource: net::ERR_CONNECTION_REFUSED @ http://localhost:4000/carrito?dispositivo=cce7cf0f-1275-445c-9355-a8b05226cba2:0
[   10794ms] [ERROR] Failed to load resource: net::ERR_CONNECTION_REFUSED @ http://localhost:4000/cliente/favoritos?dispositivo=cce7cf0f-1275-445c-9355-a8b05226cba2:0
[   10851ms] [ERROR] Failed to load resource: net::ERR_CONNECTION_REFUSED @ http://localhost:4000/catalogo/facetas:0
[   10851ms] [ERROR] Failed to load resource: net::ERR_CONNECTION_REFUSED @ http://localhost:4000/catalogo?limit=20:0
