[     569ms] [INFO] %cDownload the React DevTools for a better development experience: https://react.dev/link/react-devtools font-weight:bold @ http://localhost:3201/_next/static/chunks/node_modules_next_dist_f3530cac._.js:2297
[     641ms] [LOG] [HMR] connected @ http://localhost:3201/_next/static/chunks/node_modules_next_dist_f3530cac._.js:2297
[     727ms] [ERROR] Access to fetch at 'http://localhost:4000/cliente/me' from origin 'http://localhost:3201' has been blocked by CORS policy: No 'Access-Control-Allow-Origin' header is present on the requested resource. @ http://localhost:3201/producto?tipo=categorias:0
[     728ms] [ERROR] Failed to load resource: net::ERR_FAILED @ http://localhost:4000/cliente/me:0
[    1031ms] [ERROR] Access to fetch at 'http://localhost:4000/cliente/me' from origin 'http://localhost:3201' has been blocked by CORS policy: No 'Access-Control-Allow-Origin' header is present on the requested resource. @ http://localhost:3201/producto?tipo=categorias:0
[    1031ms] [ERROR] Failed to load resource: net::ERR_FAILED @ http://localhost:4000/cliente/me:0
[    1133ms] [ERROR] Access to fetch at 'http://localhost:4000/cliente/favoritos?dispositivo=e31e8012-9ce7-4e15-9953-33e2126a796c' from origin 'http://localhost:3201' has been blocked by CORS policy: No 'Access-Control-Allow-Origin' header is present on the requested resource. @ http://localhost:3201/producto?tipo=categorias:0
[    1134ms] [ERROR] Failed to load resource: net::ERR_FAILED @ http://localhost:4000/cliente/favoritos?dispositivo=e31e8012-9ce7-4e15-9953-33e2126a796c:0
[    1343ms] [ERROR] Access to fetch at 'http://localhost:4000/configuracion' from origin 'http://localhost:3201' has been blocked by CORS policy: No 'Access-Control-Allow-Origin' header is present on the requested resource. @ http://localhost:3201/producto?tipo=categorias:0
[    1343ms] [ERROR] Failed to load resource: net::ERR_FAILED @ http://localhost:4000/configuracion:0
[    1344ms] [ERROR] Access to fetch at 'http://localhost:4000/carrito?dispositivo=e31e8012-9ce7-4e15-9953-33e2126a796c' from origin 'http://localhost:3201' has been blocked by CORS policy: No 'Access-Control-Allow-Origin' header is present on the requested resource. @ http://localhost:3201/producto?tipo=categorias:0
[    1344ms] [ERROR] Failed to load resource: net::ERR_FAILED @ http://localhost:4000/carrito?dispositivo=e31e8012-9ce7-4e15-9953-33e2126a796c:0
[    1633ms] [ERROR] Access to fetch at 'http://localhost:4000/cliente/me' from origin 'http://localhost:3201' has been blocked by CORS policy: No 'Access-Control-Allow-Origin' header is present on the requested resource. @ http://localhost:3201/producto?tipo=categorias:0
[    1633ms] [ERROR] Failed to load resource: net::ERR_FAILED @ http://localhost:4000/cliente/me:0
[    1640ms] [ERROR] Access to fetch at 'http://localhost:4000/cliente/favoritos?dispositivo=e31e8012-9ce7-4e15-9953-33e2126a796c' from origin 'http://localhost:3201' has been blocked by CORS policy: No 'Access-Control-Allow-Origin' header is present on the requested resource. @ http://localhost:3201/producto?tipo=categorias:0
[    1640ms] [ERROR] Failed to load resource: net::ERR_FAILED @ http://localhost:4000/cliente/favoritos?dispositivo=e31e8012-9ce7-4e15-9953-33e2126a796c:0
[    1646ms] [ERROR] Access to fetch at 'http://localhost:4000/configuracion' from origin 'http://localhost:3201' has been blocked by CORS policy: No 'Access-Control-Allow-Origin' header is present on the requested resource. @ http://localhost:3201/producto?tipo=categorias:0
[    1646ms] [ERROR] Failed to load resource: net::ERR_FAILED @ http://localhost:4000/configuracion:0
[    1853ms] [ERROR] Access to fetch at 'http://localhost:4000/carrito?dispositivo=e31e8012-9ce7-4e15-9953-33e2126a796c' from origin 'http://localhost:3201' has been blocked by CORS policy: No 'Access-Control-Allow-Origin' header is present on the requested resource. @ http://localhost:3201/producto?tipo=categorias:0
[    1853ms] [ERROR] Failed to load resource: net::ERR_FAILED @ http://localhost:4000/carrito?dispositivo=e31e8012-9ce7-4e15-9953-33e2126a796c:0
[    2248ms] [ERROR] Access to fetch at 'http://localhost:4000/configuracion' from origin 'http://localhost:3201' has been blocked by CORS policy: No 'Access-Control-Allow-Origin' header is present on the requested resource. @ http://localhost:3201/producto?tipo=categorias:0
[    2248ms] [ERROR] Failed to load resource: net::ERR_FAILED @ http://localhost:4000/configuracion:0
[    2449ms] [ERROR] Access to fetch at 'http://localhost:4000/cliente/favoritos?dispositivo=e31e8012-9ce7-4e15-9953-33e2126a796c' from origin 'http://localhost:3201' has been blocked by CORS policy: No 'Access-Control-Allow-Origin' header is present on the requested resource. @ http://localhost:3201/producto?tipo=categorias:0
[    2449ms] [ERROR] Failed to load resource: net::ERR_FAILED @ http://localhost:4000/cliente/favoritos?dispositivo=e31e8012-9ce7-4e15-9953-33e2126a796c:0
[    2665ms] [ERROR] Access to fetch at 'http://localhost:4000/carrito?dispositivo=e31e8012-9ce7-4e15-9953-33e2126a796c' from origin 'http://localhost:3201' has been blocked by CORS policy: No 'Access-Control-Allow-Origin' header is present on the requested resource. @ http://localhost:3201/producto?tipo=categorias:0
[    2665ms] [ERROR] Failed to load resource: net::ERR_FAILED @ http://localhost:4000/carrito?dispositivo=e31e8012-9ce7-4e15-9953-33e2126a796c:0
[    3253ms] [ERROR] Access to fetch at 'http://localhost:4000/configuracion' from origin 'http://localhost:3201' has been blocked by CORS policy: No 'Access-Control-Allow-Origin' header is present on the requested resource. @ http://localhost:3201/producto?tipo=categorias:0
[    3253ms] [ERROR] Failed to load resource: net::ERR_FAILED @ http://localhost:4000/configuracion:0
[    3557ms] [ERROR] Access to fetch at 'http://localhost:4000/configuracion' from origin 'http://localhost:3201' has been blocked by CORS policy: No 'Access-Control-Allow-Origin' header is present on the requested resource. @ http://localhost:3201/producto?tipo=categorias:0
[    3557ms] [ERROR] Failed to load resource: net::ERR_FAILED @ http://localhost:4000/configuracion:0
[    3656ms] [ERROR] Access to fetch at 'http://localhost:4000/cliente/favoritos?dispositivo=e31e8012-9ce7-4e15-9953-33e2126a796c' from origin 'http://localhost:3201' has been blocked by CORS policy: No 'Access-Control-Allow-Origin' header is present on the requested resource. @ http://localhost:3201/producto?tipo=categorias:0
[    3656ms] [ERROR] Failed to load resource: net::ERR_FAILED @ http://localhost:4000/cliente/favoritos?dispositivo=e31e8012-9ce7-4e15-9953-33e2126a796c:0
[    3873ms] [ERROR] Access to fetch at 'http://localhost:4000/carrito?dispositivo=e31e8012-9ce7-4e15-9953-33e2126a796c' from origin 'http://localhost:3201' has been blocked by CORS policy: No 'Access-Control-Allow-Origin' header is present on the requested resource. @ http://localhost:3201/producto?tipo=categorias:0
[    3873ms] [ERROR] Failed to load resource: net::ERR_FAILED @ http://localhost:4000/carrito?dispositivo=e31e8012-9ce7-4e15-9953-33e2126a796c:0
[    4160ms] [ERROR] Access to fetch at 'http://localhost:4000/configuracion' from origin 'http://localhost:3201' has been blocked by CORS policy: No 'Access-Control-Allow-Origin' header is present on the requested resource. @ http://localhost:3201/producto?tipo=categorias:0
[    4161ms] [ERROR] Failed to load resource: net::ERR_FAILED @ http://localhost:4000/configuracion:0
[    4164ms] [ERROR] Access to fetch at 'http://localhost:4000/cliente/favoritos?dispositivo=e31e8012-9ce7-4e15-9953-33e2126a796c' from origin 'http://localhost:3201' has been blocked by CORS policy: No 'Access-Control-Allow-Origin' header is present on the requested resource. @ http://localhost:3201/producto?tipo=categorias:0
[    4164ms] [ERROR] Failed to load resource: net::ERR_FAILED @ http://localhost:4000/cliente/favoritos?dispositivo=e31e8012-9ce7-4e15-9953-33e2126a796c:0
[    4310ms] [ERROR] Access to fetch at 'http://localhost:4000/catalogo/facetas' from origin 'http://localhost:3201' has been blocked by CORS policy: No 'Access-Control-Allow-Origin' header is present on the requested resource. @ http://localhost:3201/producto?tipo=categorias:0
[    4310ms] [ERROR] Failed to load resource: net::ERR_FAILED @ http://localhost:4000/catalogo/facetas:0
[    4386ms] [ERROR] Access to fetch at 'http://localhost:4000/carrito?dispositivo=e31e8012-9ce7-4e15-9953-33e2126a796c' from origin 'http://localhost:3201' has been blocked by CORS policy: No 'Access-Control-Allow-Origin' header is present on the requested resource. @ http://localhost:3201/producto?tipo=categorias:0
[    4386ms] [ERROR] Failed to load resource: net::ERR_FAILED @ http://localhost:4000/carrito?dispositivo=e31e8012-9ce7-4e15-9953-33e2126a796c:0
[    4613ms] [ERROR] Access to fetch at 'http://localhost:4000/catalogo/facetas' from origin 'http://localhost:3201' has been blocked by CORS policy: No 'Access-Control-Allow-Origin' header is present on the requested resource. @ http://localhost:3201/producto?tipo=categorias:0
[    4613ms] [ERROR] Failed to load resource: net::ERR_FAILED @ http://localhost:4000/catalogo/facetas:0
[    4971ms] [ERROR] Access to fetch at 'http://localhost:4000/cliente/favoritos?dispositivo=e31e8012-9ce7-4e15-9953-33e2126a796c' from origin 'http://localhost:3201' has been blocked by CORS policy: No 'Access-Control-Allow-Origin' header is present on the requested resource. @ http://localhost:3201/producto?tipo=categorias:0
[    4971ms] [ERROR] Failed to load resource: net::ERR_FAILED @ http://localhost:4000/cliente/favoritos?dispositivo=e31e8012-9ce7-4e15-9953-33e2126a796c:0
[    5191ms] [ERROR] Access to fetch at 'http://localhost:4000/carrito?dispositivo=e31e8012-9ce7-4e15-9953-33e2126a796c' from origin 'http://localhost:3201' has been blocked by CORS policy: No 'Access-Control-Allow-Origin' header is present on the requested resource. @ http://localhost:3201/producto?tipo=categorias:0
[    5191ms] [ERROR] Failed to load resource: net::ERR_FAILED @ http://localhost:4000/carrito?dispositivo=e31e8012-9ce7-4e15-9953-33e2126a796c:0
[    5216ms] [ERROR] Access to fetch at 'http://localhost:4000/catalogo/facetas' from origin 'http://localhost:3201' has been blocked by CORS policy: No 'Access-Control-Allow-Origin' header is present on the requested resource. @ http://localhost:3201/producto?tipo=categorias:0
[    5216ms] [ERROR] Failed to load resource: net::ERR_FAILED @ http://localhost:4000/catalogo/facetas:0
[    5898ms] [ERROR] Access to fetch at 'http://localhost:4000/catalogo?limit=20' from origin 'http://localhost:3201' has been blocked by CORS policy: No 'Access-Control-Allow-Origin' header is present on the requested resource. @ http://localhost:3201/producto?tipo=categorias:0
[    5898ms] [ERROR] Failed to load resource: net::ERR_FAILED @ http://localhost:4000/catalogo?limit=20:0
[    6164ms] [ERROR] Access to fetch at 'http://localhost:4000/configuracion' from origin 'http://localhost:3201' has been blocked by CORS policy: No 'Access-Control-Allow-Origin' header is present on the requested resource. @ http://localhost:3201/producto?tipo=categorias:0
[    6164ms] [ERROR] Failed to load resource: net::ERR_FAILED @ http://localhost:4000/configuracion:0
[    6220ms] [ERROR] Access to fetch at 'http://localhost:4000/catalogo/facetas' from origin 'http://localhost:3201' has been blocked by CORS policy: No 'Access-Control-Allow-Origin' header is present on the requested resource. @ http://localhost:3201/producto?tipo=categorias:0
[    6220ms] [ERROR] Failed to load resource: net::ERR_FAILED @ http://localhost:4000/catalogo/facetas:0
[    6466ms] [ERROR] Access to fetch at 'http://localhost:4000/configuracion' from origin 'http://localhost:3201' has been blocked by CORS policy: No 'Access-Control-Allow-Origin' header is present on the requested resource. @ http://localhost:3201/producto?tipo=categorias:0
[    6466ms] [ERROR] Failed to load resource: net::ERR_FAILED @ http://localhost:4000/configuracion:0
[    6522ms] [ERROR] Access to fetch at 'http://localhost:4000/catalogo/facetas' from origin 'http://localhost:3201' has been blocked by CORS policy: No 'Access-Control-Allow-Origin' header is present on the requested resource. @ http://localhost:3201/producto?tipo=categorias:0
[    6522ms] [ERROR] Failed to load resource: net::ERR_FAILED @ http://localhost:4000/catalogo/facetas:0
[    7069ms] [ERROR] Access to fetch at 'http://localhost:4000/configuracion' from origin 'http://localhost:3201' has been blocked by CORS policy: No 'Access-Control-Allow-Origin' header is present on the requested resource. @ http://localhost:3201/producto?tipo=categorias:0
[    7069ms] [ERROR] Failed to load resource: net::ERR_FAILED @ http://localhost:4000/configuracion:0
[    7125ms] [ERROR] Access to fetch at 'http://localhost:4000/catalogo/facetas' from origin 'http://localhost:3201' has been blocked by CORS policy: No 'Access-Control-Allow-Origin' header is present on the requested resource. @ http://localhost:3201/producto?tipo=categorias:0
[    7125ms] [ERROR] Failed to load resource: net::ERR_FAILED @ http://localhost:4000/catalogo/facetas:0
[    7177ms] [ERROR] Access to fetch at 'http://localhost:4000/cliente/favoritos?dispositivo=e31e8012-9ce7-4e15-9953-33e2126a796c' from origin 'http://localhost:3201' has been blocked by CORS policy: No 'Access-Control-Allow-Origin' header is present on the requested resource. @ http://localhost:3201/producto?tipo=categorias:0
[    7177ms] [ERROR] Failed to load resource: net::ERR_FAILED @ http://localhost:4000/cliente/favoritos?dispositivo=e31e8012-9ce7-4e15-9953-33e2126a796c:0
[    7399ms] [ERROR] Access to fetch at 'http://localhost:4000/carrito?dispositivo=e31e8012-9ce7-4e15-9953-33e2126a796c' from origin 'http://localhost:3201' has been blocked by CORS policy: No 'Access-Control-Allow-Origin' header is present on the requested resource. @ http://localhost:3201/producto?tipo=categorias:0
[    7399ms] [ERROR] Failed to load resource: net::ERR_FAILED @ http://localhost:4000/carrito?dispositivo=e31e8012-9ce7-4e15-9953-33e2126a796c:0
[    7686ms] [ERROR] Access to fetch at 'http://localhost:4000/cliente/favoritos?dispositivo=e31e8012-9ce7-4e15-9953-33e2126a796c' from origin 'http://localhost:3201' has been blocked by CORS policy: No 'Access-Control-Allow-Origin' header is present on the requested resource. @ http://localhost:3201/producto?tipo=categorias:0
[    7686ms] [ERROR] Failed to load resource: net::ERR_FAILED @ http://localhost:4000/cliente/favoritos?dispositivo=e31e8012-9ce7-4e15-9953-33e2126a796c:0
[    7909ms] [ERROR] Access to fetch at 'http://localhost:4000/carrito?dispositivo=e31e8012-9ce7-4e15-9953-33e2126a796c' from origin 'http://localhost:3201' has been blocked by CORS policy: No 'Access-Control-Allow-Origin' header is present on the requested resource. @ http://localhost:3201/producto?tipo=categorias:0
[    7909ms] [ERROR] Failed to load resource: net::ERR_FAILED @ http://localhost:4000/carrito?dispositivo=e31e8012-9ce7-4e15-9953-33e2126a796c:0
[    8492ms] [ERROR] Access to fetch at 'http://localhost:4000/cliente/favoritos?dispositivo=e31e8012-9ce7-4e15-9953-33e2126a796c' from origin 'http://localhost:3201' has been blocked by CORS policy: No 'Access-Control-Allow-Origin' header is present on the requested resource. @ http://localhost:3201/producto?tipo=categorias:0
[    8492ms] [ERROR] Failed to load resource: net::ERR_FAILED @ http://localhost:4000/cliente/favoritos?dispositivo=e31e8012-9ce7-4e15-9953-33e2126a796c:0
[    8714ms] [ERROR] Access to fetch at 'http://localhost:4000/carrito?dispositivo=e31e8012-9ce7-4e15-9953-33e2126a796c' from origin 'http://localhost:3201' has been blocked by CORS policy: No 'Access-Control-Allow-Origin' header is present on the requested resource. @ http://localhost:3201/producto?tipo=categorias:0
[    8714ms] [ERROR] Failed to load resource: net::ERR_FAILED @ http://localhost:4000/carrito?dispositivo=e31e8012-9ce7-4e15-9953-33e2126a796c:0
[    9062ms] [ERROR] Access to fetch at 'http://localhost:4000/catalogo?limit=20' from origin 'http://localhost:3201' has been blocked by CORS policy: No 'Access-Control-Allow-Origin' header is present on the requested resource. @ http://localhost:3201/producto?tipo=categorias:0
[    9062ms] [ERROR] Failed to load resource: net::ERR_FAILED @ http://localhost:4000/catalogo?limit=20:0
[    9129ms] [ERROR] Access to fetch at 'http://localhost:4000/catalogo/facetas' from origin 'http://localhost:3201' has been blocked by CORS policy: No 'Access-Control-Allow-Origin' header is present on the requested resource. @ http://localhost:3201/producto?tipo=categorias:0
[    9129ms] [ERROR] Failed to load resource: net::ERR_FAILED @ http://localhost:4000/catalogo/facetas:0
[    9431ms] [ERROR] Access to fetch at 'http://localhost:4000/catalogo/facetas' from origin 'http://localhost:3201' has been blocked by CORS policy: No 'Access-Control-Allow-Origin' header is present on the requested resource. @ http://localhost:3201/producto?tipo=categorias:0
[    9431ms] [ERROR] Failed to load resource: net::ERR_FAILED @ http://localhost:4000/catalogo/facetas:0
[   10034ms] [ERROR] Access to fetch at 'http://localhost:4000/catalogo/facetas' from origin 'http://localhost:3201' has been blocked by CORS policy: No 'Access-Control-Allow-Origin' header is present on the requested resource. @ http://localhost:3201/producto?tipo=categorias:0
[   10034ms] [ERROR] Failed to load resource: net::ERR_FAILED @ http://localhost:4000/catalogo/facetas:0
[   11072ms] [ERROR] Access to fetch at 'http://localhost:4000/configuracion' from origin 'http://localhost:3201' has been blocked by CORS policy: No 'Access-Control-Allow-Origin' header is present on the requested resource. @ http://localhost:3201/producto?tipo=categorias:0
[   11072ms] [ERROR] Failed to load resource: net::ERR_FAILED @ http://localhost:4000/configuracion:0
[   11374ms] [ERROR] Access to fetch at 'http://localhost:4000/configuracion' from origin 'http://localhost:3201' has been blocked by CORS policy: No 'Access-Control-Allow-Origin' header is present on the requested resource. @ http://localhost:3201/producto?tipo=categorias:0
[   11375ms] [ERROR] Failed to load resource: net::ERR_FAILED @ http://localhost:4000/configuracion:0
[   11977ms] [ERROR] Access to fetch at 'http://localhost:4000/configuracion' from origin 'http://localhost:3201' has been blocked by CORS policy: No 'Access-Control-Allow-Origin' header is present on the requested resource. @ http://localhost:3201/producto?tipo=categorias:0
[   11977ms] [ERROR] Failed to load resource: net::ERR_FAILED @ http://localhost:4000/configuracion:0
[   12548ms] [ERROR] Access to fetch at 'http://localhost:4000/catalogo?limit=20' from origin 'http://localhost:3201' has been blocked by CORS policy: No 'Access-Control-Allow-Origin' header is present on the requested resource. @ http://localhost:3201/producto?tipo=categorias:0
[   12548ms] [ERROR] Failed to load resource: net::ERR_FAILED @ http://localhost:4000/catalogo?limit=20:0
[   12709ms] [ERROR] Access to fetch at 'http://localhost:4000/cliente/favoritos?dispositivo=e31e8012-9ce7-4e15-9953-33e2126a796c' from origin 'http://localhost:3201' has been blocked by CORS policy: No 'Access-Control-Allow-Origin' header is present on the requested resource. @ http://localhost:3201/producto?tipo=categorias:0
[   12709ms] [ERROR] Failed to load resource: net::ERR_FAILED @ http://localhost:4000/cliente/favoritos?dispositivo=e31e8012-9ce7-4e15-9953-33e2126a796c:0
[   12920ms] [ERROR] Access to fetch at 'http://localhost:4000/carrito?dispositivo=e31e8012-9ce7-4e15-9953-33e2126a796c' from origin 'http://localhost:3201' has been blocked by CORS policy: No 'Access-Control-Allow-Origin' header is present on the requested resource. @ http://localhost:3201/producto?tipo=categorias:0
[   12920ms] [ERROR] Failed to load resource: net::ERR_FAILED @ http://localhost:4000/carrito?dispositivo=e31e8012-9ce7-4e15-9953-33e2126a796c:0
[   13215ms] [ERROR] Access to fetch at 'http://localhost:4000/cliente/favoritos?dispositivo=e31e8012-9ce7-4e15-9953-33e2126a796c' from origin 'http://localhost:3201' has been blocked by CORS policy: No 'Access-Control-Allow-Origin' header is present on the requested resource. @ http://localhost:3201/producto?tipo=categorias:0
[   13215ms] [ERROR] Failed to load resource: net::ERR_FAILED @ http://localhost:4000/cliente/favoritos?dispositivo=e31e8012-9ce7-4e15-9953-33e2126a796c:0
[   13426ms] [ERROR] Access to fetch at 'http://localhost:4000/carrito?dispositivo=e31e8012-9ce7-4e15-9953-33e2126a796c' from origin 'http://localhost:3201' has been blocked by CORS policy: No 'Access-Control-Allow-Origin' header is present on the requested resource. @ http://localhost:3201/producto?tipo=categorias:0
[   13426ms] [ERROR] Failed to load resource: net::ERR_FAILED @ http://localhost:4000/carrito?dispositivo=e31e8012-9ce7-4e15-9953-33e2126a796c:0
[   14023ms] [ERROR] Access to fetch at 'http://localhost:4000/cliente/favoritos?dispositivo=e31e8012-9ce7-4e15-9953-33e2126a796c' from origin 'http://localhost:3201' has been blocked by CORS policy: No 'Access-Control-Allow-Origin' header is present on the requested resource. @ http://localhost:3201/producto?tipo=categorias:0
[   14023ms] [ERROR] Failed to load resource: net::ERR_FAILED @ http://localhost:4000/cliente/favoritos?dispositivo=e31e8012-9ce7-4e15-9953-33e2126a796c:0
[   14037ms] [ERROR] Access to fetch at 'http://localhost:4000/catalogo/facetas' from origin 'http://localhost:3201' has been blocked by CORS policy: No 'Access-Control-Allow-Origin' header is present on the requested resource. @ http://localhost:3201/producto?tipo=categorias:0
[   14037ms] [ERROR] Failed to load resource: net::ERR_FAILED @ http://localhost:4000/catalogo/facetas:0
[   14230ms] [ERROR] Access to fetch at 'http://localhost:4000/carrito?dispositivo=e31e8012-9ce7-4e15-9953-33e2126a796c' from origin 'http://localhost:3201' has been blocked by CORS policy: No 'Access-Control-Allow-Origin' header is present on the requested resource. @ http://localhost:3201/producto?tipo=categorias:0
[   14230ms] [ERROR] Failed to load resource: net::ERR_FAILED @ http://localhost:4000/carrito?dispositivo=e31e8012-9ce7-4e15-9953-33e2126a796c:0
[   14339ms] [ERROR] Access to fetch at 'http://localhost:4000/catalogo/facetas' from origin 'http://localhost:3201' has been blocked by CORS policy: No 'Access-Control-Allow-Origin' header is present on the requested resource. @ http://localhost:3201/producto?tipo=categorias:0
[   14339ms] [ERROR] Failed to load resource: net::ERR_FAILED @ http://localhost:4000/catalogo/facetas:0
[   14942ms] [ERROR] Access to fetch at 'http://localhost:4000/catalogo/facetas' from origin 'http://localhost:3201' has been blocked by CORS policy: No 'Access-Control-Allow-Origin' header is present on the requested resource. @ http://localhost:3201/producto?tipo=categorias:0
[   14942ms] [ERROR] Failed to load resource: net::ERR_FAILED @ http://localhost:4000/catalogo/facetas:0
[   18042ms] [ERROR] Access to fetch at 'http://localhost:4000/catalogo?limit=20' from origin 'http://localhost:3201' has been blocked by CORS policy: No 'Access-Control-Allow-Origin' header is present on the requested resource. @ http://localhost:3201/producto?tipo=categorias:0
[   18042ms] [ERROR] Failed to load resource: net::ERR_FAILED @ http://localhost:4000/catalogo?limit=20:0
[   21425ms] [ERROR] Access to fetch at 'http://localhost:4000/catalogo?limit=20' from origin 'http://localhost:3201' has been blocked by CORS policy: No 'Access-Control-Allow-Origin' header is present on the requested resource. @ http://localhost:3201/producto?tipo=categorias:0
[   21425ms] [ERROR] Failed to load resource: net::ERR_FAILED @ http://localhost:4000/catalogo?limit=20:0
[   24877ms] [ERROR] Access to fetch at 'http://localhost:4000/catalogo?limit=20' from origin 'http://localhost:3201' has been blocked by CORS policy: No 'Access-Control-Allow-Origin' header is present on the requested resource. @ http://localhost:3201/producto?tipo=categorias:0
[   24877ms] [ERROR] Failed to load resource: net::ERR_FAILED @ http://localhost:4000/catalogo?limit=20:0
[   29749ms] [ERROR] Access to fetch at 'http://localhost:4000/catalogo?limit=20' from origin 'http://localhost:3201' has been blocked by CORS policy: No 'Access-Control-Allow-Origin' header is present on the requested resource. @ http://localhost:3201/producto?tipo=categorias:0
[   29749ms] [ERROR] Failed to load resource: net::ERR_FAILED @ http://localhost:4000/catalogo?limit=20:0
[   32922ms] [ERROR] Access to fetch at 'http://localhost:4000/catalogo?limit=20' from origin 'http://localhost:3201' has been blocked by CORS policy: No 'Access-Control-Allow-Origin' header is present on the requested resource. @ http://localhost:3201/producto?tipo=categorias:0
[   32922ms] [ERROR] Failed to load resource: net::ERR_FAILED @ http://localhost:4000/catalogo?limit=20:0
[   36379ms] [ERROR] Access to fetch at 'http://localhost:4000/catalogo?limit=20' from origin 'http://localhost:3201' has been blocked by CORS policy: No 'Access-Control-Allow-Origin' header is present on the requested resource. @ http://localhost:3201/producto?tipo=categorias:0
[   36379ms] [ERROR] Failed to load resource: net::ERR_FAILED @ http://localhost:4000/catalogo?limit=20:0
[   43449ms] [ERROR] Access to fetch at 'http://localhost:4000/catalogo?limit=20' from origin 'http://localhost:3201' has been blocked by CORS policy: No 'Access-Control-Allow-Origin' header is present on the requested resource. @ http://localhost:3201/producto?tipo=categorias:0
[   43449ms] [ERROR] Failed to load resource: net::ERR_FAILED @ http://localhost:4000/catalogo?limit=20:0
[   46628ms] [ERROR] Access to fetch at 'http://localhost:4000/catalogo?limit=20' from origin 'http://localhost:3201' has been blocked by CORS policy: No 'Access-Control-Allow-Origin' header is present on the requested resource. @ http://localhost:3201/producto?tipo=categorias:0
[   46628ms] [ERROR] Failed to load resource: net::ERR_FAILED @ http://localhost:4000/catalogo?limit=20:0
[   50136ms] [ERROR] Access to fetch at 'http://localhost:4000/catalogo?limit=20' from origin 'http://localhost:3201' has been blocked by CORS policy: No 'Access-Control-Allow-Origin' header is present on the requested resource. @ http://localhost:3201/producto?tipo=categorias:0
[   50136ms] [ERROR] Failed to load resource: net::ERR_FAILED @ http://localhost:4000/catalogo?limit=20:0
[ 4905036ms] [LOG] [Fast Refresh] rebuilding @ http://localhost:3201/_next/static/chunks/node_modules_next_dist_f3530cac._.js:2297
