[     114ms] [INFO] %cDownload the React DevTools for a better development experience: https://react.dev/link/react-devtools font-weight:bold @ http://localhost:3200/_next/static/chunks/node_modules_next_dist_f3530cac._.js:2297
[     197ms] [LOG] [HMR] connected @ http://localhost:3200/_next/static/chunks/node_modules_next_dist_f3530cac._.js:2297
[     301ms] [ERROR] Access to fetch at 'http://localhost:4000/cliente/me' from origin 'http://localhost:3200' has been blocked by CORS policy: No 'Access-Control-Allow-Origin' header is present on the requested resource. @ http://localhost:3200/producto?tipo=categorias:0
[     302ms] [ERROR] Failed to load resource: net::ERR_FAILED @ http://localhost:4000/cliente/me:0
[     367ms] [ERROR] Access to fetch at 'http://localhost:4000/catalogo/facetas' from origin 'http://localhost:3200' has been blocked by CORS policy: No 'Access-Control-Allow-Origin' header is present on the requested resource. @ http://localhost:3200/producto?tipo=categorias:0
[     367ms] [ERROR] Failed to load resource: net::ERR_FAILED @ http://localhost:4000/catalogo/facetas:0
[     503ms] [ERROR] Access to fetch at 'http://localhost:4000/cliente/favoritos?dispositivo=cce7cf0f-1275-445c-9355-a8b05226cba2' from origin 'http://localhost:3200' has been blocked by CORS policy: No 'Access-Control-Allow-Origin' header is present on the requested resource. @ http://localhost:3200/producto?tipo=categorias:0
[     504ms] [ERROR] Failed to load resource: net::ERR_FAILED @ http://localhost:4000/cliente/favoritos?dispositivo=cce7cf0f-1275-445c-9355-a8b05226cba2:0
[     605ms] [ERROR] Access to fetch at 'http://localhost:4000/cliente/me' from origin 'http://localhost:3200' has been blocked by CORS policy: No 'Access-Control-Allow-Origin' header is present on the requested resource. @ http://localhost:3200/producto?tipo=categorias:0
[     605ms] [ERROR] Failed to load resource: net::ERR_FAILED @ http://localhost:4000/cliente/me:0
[     670ms] [ERROR] Access to fetch at 'http://localhost:4000/catalogo/facetas' from origin 'http://localhost:3200' has been blocked by CORS policy: No 'Access-Control-Allow-Origin' header is present on the requested resource. @ http://localhost:3200/producto?tipo=categorias:0
[     670ms] [ERROR] Failed to load resource: net::ERR_FAILED @ http://localhost:4000/catalogo/facetas:0
[     702ms] [ERROR] Access to fetch at 'http://localhost:4000/configuracion' from origin 'http://localhost:3200' has been blocked by CORS policy: No 'Access-Control-Allow-Origin' header is present on the requested resource. @ http://localhost:3200/producto?tipo=categorias:0
[     702ms] [ERROR] Failed to load resource: net::ERR_FAILED @ http://localhost:4000/configuracion:0
[     708ms] [ERROR] Access to fetch at 'http://localhost:4000/carrito?dispositivo=cce7cf0f-1275-445c-9355-a8b05226cba2' from origin 'http://localhost:3200' has been blocked by CORS policy: No 'Access-Control-Allow-Origin' header is present on the requested resource. @ http://localhost:3200/producto?tipo=categorias:0
[     708ms] [ERROR] Failed to load resource: net::ERR_FAILED @ http://localhost:4000/carrito?dispositivo=cce7cf0f-1275-445c-9355-a8b05226cba2:0
[    1005ms] [ERROR] Access to fetch at 'http://localhost:4000/configuracion' from origin 'http://localhost:3200' has been blocked by CORS policy: No 'Access-Control-Allow-Origin' header is present on the requested resource. @ http://localhost:3200/producto?tipo=categorias:0
[    1005ms] [ERROR] Failed to load resource: net::ERR_FAILED @ http://localhost:4000/configuracion:0
[    1012ms] [ERROR] Access to fetch at 'http://localhost:4000/cliente/favoritos?dispositivo=cce7cf0f-1275-445c-9355-a8b05226cba2' from origin 'http://localhost:3200' has been blocked by CORS policy: No 'Access-Control-Allow-Origin' header is present on the requested resource. @ http://localhost:3200/producto?tipo=categorias:0
[    1012ms] [ERROR] Failed to load resource: net::ERR_FAILED @ http://localhost:4000/cliente/favoritos?dispositivo=cce7cf0f-1275-445c-9355-a8b05226cba2:0
[    1207ms] [ERROR] Access to fetch at 'http://localhost:4000/cliente/me' from origin 'http://localhost:3200' has been blocked by CORS policy: No 'Access-Control-Allow-Origin' header is present on the requested resource. @ http://localhost:3200/producto?tipo=categorias:0
[    1208ms] [ERROR] Failed to load resource: net::ERR_FAILED @ http://localhost:4000/cliente/me:0
[    1273ms] [ERROR] Access to fetch at 'http://localhost:4000/catalogo/facetas' from origin 'http://localhost:3200' has been blocked by CORS policy: No 'Access-Control-Allow-Origin' header is present on the requested resource. @ http://localhost:3200/producto?tipo=categorias:0
[    1273ms] [ERROR] Failed to load resource: net::ERR_FAILED @ http://localhost:4000/catalogo/facetas:0
[    1415ms] [ERROR] Access to fetch at 'http://localhost:4000/carrito?dispositivo=cce7cf0f-1275-445c-9355-a8b05226cba2' from origin 'http://localhost:3200' has been blocked by CORS policy: No 'Access-Control-Allow-Origin' header is present on the requested resource. @ http://localhost:3200/producto?tipo=categorias:0
[    1415ms] [ERROR] Failed to load resource: net::ERR_FAILED @ http://localhost:4000/carrito?dispositivo=cce7cf0f-1275-445c-9355-a8b05226cba2:0
[    1607ms] [ERROR] Access to fetch at 'http://localhost:4000/configuracion' from origin 'http://localhost:3200' has been blocked by CORS policy: No 'Access-Control-Allow-Origin' header is present on the requested resource. @ http://localhost:3200/producto?tipo=categorias:0
[    1607ms] [ERROR] Failed to load resource: net::ERR_FAILED @ http://localhost:4000/configuracion:0
[    1801ms] [ERROR] Access to fetch at 'http://localhost:4000/catalogo?limit=20' from origin 'http://localhost:3200' has been blocked by CORS policy: No 'Access-Control-Allow-Origin' header is present on the requested resource. @ http://localhost:3200/producto?tipo=categorias:0
[    1801ms] [ERROR] Failed to load resource: net::ERR_FAILED @ http://localhost:4000/catalogo?limit=20:0
[    2025ms] [ERROR] Access to fetch at 'http://localhost:4000/cliente/favoritos?dispositivo=cce7cf0f-1275-445c-9355-a8b05226cba2' from origin 'http://localhost:3200' has been blocked by CORS policy: No 'Access-Control-Allow-Origin' header is present on the requested resource. @ http://localhost:3200/producto?tipo=categorias:0
[    2025ms] [ERROR] Failed to load resource: net::ERR_FAILED @ http://localhost:4000/cliente/favoritos?dispositivo=cce7cf0f-1275-445c-9355-a8b05226cba2:0
[    2221ms] [ERROR] Access to fetch at 'http://localhost:4000/carrito?dispositivo=cce7cf0f-1275-445c-9355-a8b05226cba2' from origin 'http://localhost:3200' has been blocked by CORS policy: No 'Access-Control-Allow-Origin' header is present on the requested resource. @ http://localhost:3200/producto?tipo=categorias:0
[    2222ms] [ERROR] Failed to load resource: net::ERR_FAILED @ http://localhost:4000/carrito?dispositivo=cce7cf0f-1275-445c-9355-a8b05226cba2:0
[    2276ms] [ERROR] Access to fetch at 'http://localhost:4000/catalogo/facetas' from origin 'http://localhost:3200' has been blocked by CORS policy: No 'Access-Control-Allow-Origin' header is present on the requested resource. @ http://localhost:3200/producto?tipo=categorias:0
[    2277ms] [ERROR] Failed to load resource: net::ERR_FAILED @ http://localhost:4000/catalogo/facetas:0
[    2579ms] [ERROR] Access to fetch at 'http://localhost:4000/catalogo/facetas' from origin 'http://localhost:3200' has been blocked by CORS policy: No 'Access-Control-Allow-Origin' header is present on the requested resource. @ http://localhost:3200/producto?tipo=categorias:0
[    2579ms] [ERROR] Failed to load resource: net::ERR_FAILED @ http://localhost:4000/catalogo/facetas:0
[    2610ms] [ERROR] Access to fetch at 'http://localhost:4000/configuracion' from origin 'http://localhost:3200' has been blocked by CORS policy: No 'Access-Control-Allow-Origin' header is present on the requested resource. @ http://localhost:3200/producto?tipo=categorias:0
[    2610ms] [ERROR] Failed to load resource: net::ERR_FAILED @ http://localhost:4000/configuracion:0
[    2912ms] [ERROR] Access to fetch at 'http://localhost:4000/configuracion' from origin 'http://localhost:3200' has been blocked by CORS policy: No 'Access-Control-Allow-Origin' header is present on the requested resource. @ http://localhost:3200/producto?tipo=categorias:0
[    2912ms] [ERROR] Failed to load resource: net::ERR_FAILED @ http://localhost:4000/configuracion:0
[    2915ms] [ERROR] Access to fetch at 'http://localhost:4000/catalogo?limit=20' from origin 'http://localhost:3200' has been blocked by CORS policy: No 'Access-Control-Allow-Origin' header is present on the requested resource. @ http://localhost:3200/producto?tipo=categorias:0
[    2915ms] [ERROR] Failed to load resource: net::ERR_FAILED @ http://localhost:4000/catalogo?limit=20:0
[    3182ms] [ERROR] Access to fetch at 'http://localhost:4000/catalogo/facetas' from origin 'http://localhost:3200' has been blocked by CORS policy: No 'Access-Control-Allow-Origin' header is present on the requested resource. @ http://localhost:3200/producto?tipo=categorias:0
[    3182ms] [ERROR] Failed to load resource: net::ERR_FAILED @ http://localhost:4000/catalogo/facetas:0
[    3239ms] [ERROR] Access to fetch at 'http://localhost:4000/cliente/favoritos?dispositivo=cce7cf0f-1275-445c-9355-a8b05226cba2' from origin 'http://localhost:3200' has been blocked by CORS policy: No 'Access-Control-Allow-Origin' header is present on the requested resource. @ http://localhost:3200/producto?tipo=categorias:0
[    3239ms] [ERROR] Failed to load resource: net::ERR_FAILED @ http://localhost:4000/cliente/favoritos?dispositivo=cce7cf0f-1275-445c-9355-a8b05226cba2:0
[    3431ms] [ERROR] Access to fetch at 'http://localhost:4000/carrito?dispositivo=cce7cf0f-1275-445c-9355-a8b05226cba2' from origin 'http://localhost:3200' has been blocked by CORS policy: No 'Access-Control-Allow-Origin' header is present on the requested resource. @ http://localhost:3200/producto?tipo=categorias:0
[    3431ms] [ERROR] Failed to load resource: net::ERR_FAILED @ http://localhost:4000/carrito?dispositivo=cce7cf0f-1275-445c-9355-a8b05226cba2:0
[    3515ms] [ERROR] Access to fetch at 'http://localhost:4000/configuracion' from origin 'http://localhost:3200' has been blocked by CORS policy: No 'Access-Control-Allow-Origin' header is present on the requested resource. @ http://localhost:3200/producto?tipo=categorias:0
[    3515ms] [ERROR] Failed to load resource: net::ERR_FAILED @ http://localhost:4000/configuracion:0
[    3744ms] [ERROR] Access to fetch at 'http://localhost:4000/cliente/favoritos?dispositivo=cce7cf0f-1275-445c-9355-a8b05226cba2' from origin 'http://localhost:3200' has been blocked by CORS policy: No 'Access-Control-Allow-Origin' header is present on the requested resource. @ http://localhost:3200/producto?tipo=categorias:0
[    3744ms] [ERROR] Failed to load resource: net::ERR_FAILED @ http://localhost:4000/cliente/favoritos?dispositivo=cce7cf0f-1275-445c-9355-a8b05226cba2:0
[    3937ms] [ERROR] Access to fetch at 'http://localhost:4000/carrito?dispositivo=cce7cf0f-1275-445c-9355-a8b05226cba2' from origin 'http://localhost:3200' has been blocked by CORS policy: No 'Access-Control-Allow-Origin' header is present on the requested resource. @ http://localhost:3200/producto?tipo=categorias:0
[    3938ms] [ERROR] Failed to load resource: net::ERR_FAILED @ http://localhost:4000/carrito?dispositivo=cce7cf0f-1275-445c-9355-a8b05226cba2:0
[    4338ms] [ERROR] Access to fetch at 'http://localhost:4000/catalogo?limit=20' from origin 'http://localhost:3200' has been blocked by CORS policy: No 'Access-Control-Allow-Origin' header is present on the requested resource. @ http://localhost:3200/producto?tipo=categorias:0
[    4338ms] [ERROR] Failed to load resource: net::ERR_FAILED @ http://localhost:4000/catalogo?limit=20:0
[    4550ms] [ERROR] Access to fetch at 'http://localhost:4000/cliente/favoritos?dispositivo=cce7cf0f-1275-445c-9355-a8b05226cba2' from origin 'http://localhost:3200' has been blocked by CORS policy: No 'Access-Control-Allow-Origin' header is present on the requested resource. @ http://localhost:3200/producto?tipo=categorias:0
[    4551ms] [ERROR] Failed to load resource: net::ERR_FAILED @ http://localhost:4000/cliente/favoritos?dispositivo=cce7cf0f-1275-445c-9355-a8b05226cba2:0
[    4956ms] [ERROR] Access to fetch at 'http://localhost:4000/carrito?dispositivo=cce7cf0f-1275-445c-9355-a8b05226cba2' from origin 'http://localhost:3200' has been blocked by CORS policy: No 'Access-Control-Allow-Origin' header is present on the requested resource. @ http://localhost:3200/producto?tipo=categorias:0
[    4956ms] [ERROR] Failed to load resource: net::ERR_FAILED @ http://localhost:4000/carrito?dispositivo=cce7cf0f-1275-445c-9355-a8b05226cba2:0
[    5185ms] [ERROR] Access to fetch at 'http://localhost:4000/catalogo/facetas' from origin 'http://localhost:3200' has been blocked by CORS policy: No 'Access-Control-Allow-Origin' header is present on the requested resource. @ http://localhost:3200/producto?tipo=categorias:0
[    5185ms] [ERROR] Failed to load resource: net::ERR_FAILED @ http://localhost:4000/catalogo/facetas:0
[    5487ms] [ERROR] Access to fetch at 'http://localhost:4000/catalogo/facetas' from origin 'http://localhost:3200' has been blocked by CORS policy: No 'Access-Control-Allow-Origin' header is present on the requested resource. @ http://localhost:3200/producto?tipo=categorias:0
[    5488ms] [ERROR] Failed to load resource: net::ERR_FAILED @ http://localhost:4000/catalogo/facetas:0
[    5518ms] [ERROR] Access to fetch at 'http://localhost:4000/configuracion' from origin 'http://localhost:3200' has been blocked by CORS policy: No 'Access-Control-Allow-Origin' header is present on the requested resource. @ http://localhost:3200/producto?tipo=categorias:0
[    5518ms] [ERROR] Failed to load resource: net::ERR_FAILED @ http://localhost:4000/configuracion:0
[    5820ms] [ERROR] Access to fetch at 'http://localhost:4000/configuracion' from origin 'http://localhost:3200' has been blocked by CORS policy: No 'Access-Control-Allow-Origin' header is present on the requested resource. @ http://localhost:3200/producto?tipo=categorias:0
[    5821ms] [ERROR] Failed to load resource: net::ERR_FAILED @ http://localhost:4000/configuracion:0
[    6090ms] [ERROR] Access to fetch at 'http://localhost:4000/catalogo/facetas' from origin 'http://localhost:3200' has been blocked by CORS policy: No 'Access-Control-Allow-Origin' header is present on the requested resource. @ http://localhost:3200/producto?tipo=categorias:0
[    6090ms] [ERROR] Failed to load resource: net::ERR_FAILED @ http://localhost:4000/catalogo/facetas:0
[    6424ms] [ERROR] Access to fetch at 'http://localhost:4000/configuracion' from origin 'http://localhost:3200' has been blocked by CORS policy: No 'Access-Control-Allow-Origin' header is present on the requested resource. @ http://localhost:3200/producto?tipo=categorias:0
[    6424ms] [ERROR] Failed to load resource: net::ERR_FAILED @ http://localhost:4000/configuracion:0
[    6565ms] [ERROR] Access to fetch at 'http://localhost:4000/catalogo?limit=20' from origin 'http://localhost:3200' has been blocked by CORS policy: No 'Access-Control-Allow-Origin' header is present on the requested resource. @ http://localhost:3200/producto?tipo=categorias:0
[    6565ms] [ERROR] Failed to load resource: net::ERR_FAILED @ http://localhost:4000/catalogo?limit=20:0
[    6758ms] [ERROR] Access to fetch at 'http://localhost:4000/cliente/favoritos?dispositivo=cce7cf0f-1275-445c-9355-a8b05226cba2' from origin 'http://localhost:3200' has been blocked by CORS policy: No 'Access-Control-Allow-Origin' header is present on the requested resource. @ http://localhost:3200/producto?tipo=categorias:0
[    6758ms] [ERROR] Failed to load resource: net::ERR_FAILED @ http://localhost:4000/cliente/favoritos?dispositivo=cce7cf0f-1275-445c-9355-a8b05226cba2:0
[    7163ms] [ERROR] Access to fetch at 'http://localhost:4000/carrito?dispositivo=cce7cf0f-1275-445c-9355-a8b05226cba2' from origin 'http://localhost:3200' has been blocked by CORS policy: No 'Access-Control-Allow-Origin' header is present on the requested resource. @ http://localhost:3200/producto?tipo=categorias:0
[    7163ms] [ERROR] Failed to load resource: net::ERR_FAILED @ http://localhost:4000/carrito?dispositivo=cce7cf0f-1275-445c-9355-a8b05226cba2:0
[    7469ms] [ERROR] Access to fetch at 'http://localhost:4000/cliente/favoritos?dispositivo=cce7cf0f-1275-445c-9355-a8b05226cba2' from origin 'http://localhost:3200' has been blocked by CORS policy: No 'Access-Control-Allow-Origin' header is present on the requested resource. @ http://localhost:3200/producto?tipo=categorias:0
[    7469ms] [ERROR] Failed to load resource: net::ERR_FAILED @ http://localhost:4000/cliente/favoritos?dispositivo=cce7cf0f-1275-445c-9355-a8b05226cba2:0
[    7669ms] [ERROR] Access to fetch at 'http://localhost:4000/carrito?dispositivo=cce7cf0f-1275-445c-9355-a8b05226cba2' from origin 'http://localhost:3200' has been blocked by CORS policy: No 'Access-Control-Allow-Origin' header is present on the requested resource. @ http://localhost:3200/producto?tipo=categorias:0
[    7669ms] [ERROR] Failed to load resource: net::ERR_FAILED @ http://localhost:4000/carrito?dispositivo=cce7cf0f-1275-445c-9355-a8b05226cba2:0
[    7692ms] [ERROR] Access to fetch at 'http://localhost:4000/catalogo?limit=20' from origin 'http://localhost:3200' has been blocked by CORS policy: No 'Access-Control-Allow-Origin' header is present on the requested resource. @ http://localhost:3200/producto?tipo=categorias:0
[    7692ms] [ERROR] Failed to load resource: net::ERR_FAILED @ http://localhost:4000/catalogo?limit=20:0
[    8279ms] [ERROR] Access to fetch at 'http://localhost:4000/cliente/favoritos?dispositivo=cce7cf0f-1275-445c-9355-a8b05226cba2' from origin 'http://localhost:3200' has been blocked by CORS policy: No 'Access-Control-Allow-Origin' header is present on the requested resource. @ http://localhost:3200/producto?tipo=categorias:0
[    8279ms] [ERROR] Failed to load resource: net::ERR_FAILED @ http://localhost:4000/cliente/favoritos?dispositivo=cce7cf0f-1275-445c-9355-a8b05226cba2:0
[    8475ms] [ERROR] Access to fetch at 'http://localhost:4000/carrito?dispositivo=cce7cf0f-1275-445c-9355-a8b05226cba2' from origin 'http://localhost:3200' has been blocked by CORS policy: No 'Access-Control-Allow-Origin' header is present on the requested resource. @ http://localhost:3200/producto?tipo=categorias:0
[    8475ms] [ERROR] Failed to load resource: net::ERR_FAILED @ http://localhost:4000/carrito?dispositivo=cce7cf0f-1275-445c-9355-a8b05226cba2:0
[    9108ms] [ERROR] Access to fetch at 'http://localhost:4000/catalogo?limit=20' from origin 'http://localhost:3200' has been blocked by CORS policy: No 'Access-Control-Allow-Origin' header is present on the requested resource. @ http://localhost:3200/producto?tipo=categorias:0
[    9108ms] [ERROR] Failed to load resource: net::ERR_FAILED @ http://localhost:4000/catalogo?limit=20:0
[   10095ms] [ERROR] Access to fetch at 'http://localhost:4000/catalogo/facetas' from origin 'http://localhost:3200' has been blocked by CORS policy: No 'Access-Control-Allow-Origin' header is present on the requested resource. @ http://localhost:3200/producto?tipo=categorias:0
[   10095ms] [ERROR] Failed to load resource: net::ERR_FAILED @ http://localhost:4000/catalogo/facetas:0
[   10398ms] [ERROR] Access to fetch at 'http://localhost:4000/catalogo/facetas' from origin 'http://localhost:3200' has been blocked by CORS policy: No 'Access-Control-Allow-Origin' header is present on the requested resource. @ http://localhost:3200/producto?tipo=categorias:0
[   10398ms] [ERROR] Failed to load resource: net::ERR_FAILED @ http://localhost:4000/catalogo/facetas:0
[   10428ms] [ERROR] Access to fetch at 'http://localhost:4000/configuracion' from origin 'http://localhost:3200' has been blocked by CORS policy: No 'Access-Control-Allow-Origin' header is present on the requested resource. @ http://localhost:3200/producto?tipo=categorias:0
[   10428ms] [ERROR] Failed to load resource: net::ERR_FAILED @ http://localhost:4000/configuracion:0
[   10731ms] [ERROR] Access to fetch at 'http://localhost:4000/configuracion' from origin 'http://localhost:3200' has been blocked by CORS policy: No 'Access-Control-Allow-Origin' header is present on the requested resource. @ http://localhost:3200/producto?tipo=categorias:0
[   10731ms] [ERROR] Failed to load resource: net::ERR_FAILED @ http://localhost:4000/configuracion:0
[   11002ms] [ERROR] Access to fetch at 'http://localhost:4000/catalogo/facetas' from origin 'http://localhost:3200' has been blocked by CORS policy: No 'Access-Control-Allow-Origin' header is present on the requested resource. @ http://localhost:3200/producto?tipo=categorias:0
[   11002ms] [ERROR] Failed to load resource: net::ERR_FAILED @ http://localhost:4000/catalogo/facetas:0
[   11334ms] [ERROR] Access to fetch at 'http://localhost:4000/configuracion' from origin 'http://localhost:3200' has been blocked by CORS policy: No 'Access-Control-Allow-Origin' header is present on the requested resource. @ http://localhost:3200/producto?tipo=categorias:0
[   11334ms] [ERROR] Failed to load resource: net::ERR_FAILED @ http://localhost:4000/configuracion:0
[   11932ms] [ERROR] Access to fetch at 'http://localhost:4000/catalogo?limit=20' from origin 'http://localhost:3200' has been blocked by CORS policy: No 'Access-Control-Allow-Origin' header is present on the requested resource. @ http://localhost:3200/producto?tipo=categorias:0
[   11932ms] [ERROR] Failed to load resource: net::ERR_FAILED @ http://localhost:4000/catalogo?limit=20:0
[   12487ms] [ERROR] Access to fetch at 'http://localhost:4000/cliente/favoritos?dispositivo=cce7cf0f-1275-445c-9355-a8b05226cba2' from origin 'http://localhost:3200' has been blocked by CORS policy: No 'Access-Control-Allow-Origin' header is present on the requested resource. @ http://localhost:3200/producto?tipo=categorias:0
[   12488ms] [ERROR] Failed to load resource: net::ERR_FAILED @ http://localhost:4000/cliente/favoritos?dispositivo=cce7cf0f-1275-445c-9355-a8b05226cba2:0
[   12681ms] [ERROR] Access to fetch at 'http://localhost:4000/carrito?dispositivo=cce7cf0f-1275-445c-9355-a8b05226cba2' from origin 'http://localhost:3200' has been blocked by CORS policy: No 'Access-Control-Allow-Origin' header is present on the requested resource. @ http://localhost:3200/producto?tipo=categorias:0
[   12681ms] [ERROR] Failed to load resource: net::ERR_FAILED @ http://localhost:4000/carrito?dispositivo=cce7cf0f-1275-445c-9355-a8b05226cba2:0
[   12994ms] [ERROR] Access to fetch at 'http://localhost:4000/cliente/favoritos?dispositivo=cce7cf0f-1275-445c-9355-a8b05226cba2' from origin 'http://localhost:3200' has been blocked by CORS policy: No 'Access-Control-Allow-Origin' header is present on the requested resource. @ http://localhost:3200/producto?tipo=categorias:0
[   12994ms] [ERROR] Failed to load resource: net::ERR_FAILED @ http://localhost:4000/cliente/favoritos?dispositivo=cce7cf0f-1275-445c-9355-a8b05226cba2:0
[   13054ms] [ERROR] Access to fetch at 'http://localhost:4000/catalogo?limit=20' from origin 'http://localhost:3200' has been blocked by CORS policy: No 'Access-Control-Allow-Origin' header is present on the requested resource. @ http://localhost:3200/producto?tipo=categorias:0
[   13054ms] [ERROR] Failed to load resource: net::ERR_FAILED @ http://localhost:4000/catalogo?limit=20:0
[   13188ms] [ERROR] Access to fetch at 'http://localhost:4000/carrito?dispositivo=cce7cf0f-1275-445c-9355-a8b05226cba2' from origin 'http://localhost:3200' has been blocked by CORS policy: No 'Access-Control-Allow-Origin' header is present on the requested resource. @ http://localhost:3200/producto?tipo=categorias:0
[   13188ms] [ERROR] Failed to load resource: net::ERR_FAILED @ http://localhost:4000/carrito?dispositivo=cce7cf0f-1275-445c-9355-a8b05226cba2:0
[   13804ms] [ERROR] Access to fetch at 'http://localhost:4000/cliente/favoritos?dispositivo=cce7cf0f-1275-445c-9355-a8b05226cba2' from origin 'http://localhost:3200' has been blocked by CORS policy: No 'Access-Control-Allow-Origin' header is present on the requested resource. @ http://localhost:3200/producto?tipo=categorias:0
[   13804ms] [ERROR] Failed to load resource: net::ERR_FAILED @ http://localhost:4000/cliente/favoritos?dispositivo=cce7cf0f-1275-445c-9355-a8b05226cba2:0
[   13994ms] [ERROR] Access to fetch at 'http://localhost:4000/carrito?dispositivo=cce7cf0f-1275-445c-9355-a8b05226cba2' from origin 'http://localhost:3200' has been blocked by CORS policy: No 'Access-Control-Allow-Origin' header is present on the requested resource. @ http://localhost:3200/producto?tipo=categorias:0
[   13994ms] [ERROR] Failed to load resource: net::ERR_FAILED @ http://localhost:4000/carrito?dispositivo=cce7cf0f-1275-445c-9355-a8b05226cba2:0
[   14476ms] [ERROR] Access to fetch at 'http://localhost:4000/catalogo?limit=20' from origin 'http://localhost:3200' has been blocked by CORS policy: No 'Access-Control-Allow-Origin' header is present on the requested resource. @ http://localhost:3200/producto?tipo=categorias:0
[   14476ms] [ERROR] Failed to load resource: net::ERR_FAILED @ http://localhost:4000/catalogo?limit=20:0
[   19495ms] [ERROR] Access to fetch at 'http://localhost:4000/catalogo?limit=20' from origin 'http://localhost:3200' has been blocked by CORS policy: No 'Access-Control-Allow-Origin' header is present on the requested resource. @ http://localhost:3200/producto?tipo=categorias:0
[   19495ms] [ERROR] Failed to load resource: net::ERR_FAILED @ http://localhost:4000/catalogo?limit=20:0
[   20616ms] [ERROR] Access to fetch at 'http://localhost:4000/catalogo?limit=20' from origin 'http://localhost:3200' has been blocked by CORS policy: No 'Access-Control-Allow-Origin' header is present on the requested resource. @ http://localhost:3200/producto?tipo=categorias:0
[   20616ms] [ERROR] Failed to load resource: net::ERR_FAILED @ http://localhost:4000/catalogo?limit=20:0
[   22035ms] [ERROR] Access to fetch at 'http://localhost:4000/catalogo?limit=20' from origin 'http://localhost:3200' has been blocked by CORS policy: No 'Access-Control-Allow-Origin' header is present on the requested resource. @ http://localhost:3200/producto?tipo=categorias:0
[   22035ms] [ERROR] Failed to load resource: net::ERR_FAILED @ http://localhost:4000/catalogo?limit=20:0
